[    0.000000] Initializing cgroup subsys cpuset
[    0.000000] Initializing cgroup subsys cpu
[    0.000000] Initializing cgroup subsys cpuacct
[    0.000000] Linux version 4.4.0-174-generic (buildd@lcy01-amd64-027) (gcc version 5.4.0 20160609 (Ubuntu 5.4.0-6ubuntu1~16.04.12) ) #204-Ubuntu SMP Wed Jan 29 06:41:01 UTC 2020 (Ubuntu 4.4.0-174.204-generic 4.4.211)
[    0.000000] Command line: BOOT_IMAGE=/boot/vmlinuz-4.4.0-174-generic root=LABEL=cloudimg-rootfs ro console=tty1 console=ttyS0
[    0.000000] KERNEL supported cpus:
[    0.000000]   Intel GenuineIntel
[    0.000000]   AMD AuthenticAMD
[    0.000000]   Centaur CentaurHauls
[    0.000000] x86/fpu: xstate_offset[2]:  576, xstate_sizes[2]:  256
[    0.000000] x86/fpu: Supporting XSAVE feature 0x01: 'x87 floating point registers'
[    0.000000] x86/fpu: Supporting XSAVE feature 0x02: 'SSE registers'
[    0.000000] x86/fpu: Supporting XSAVE feature 0x04: 'AVX registers'
[    0.000000] x86/fpu: Enabled xstate features 0x7, context size is 832 bytes, using 'standard' format.
[    0.000000] e820: BIOS-provided physical RAM map:
[    0.000000] BIOS-e820: [mem 0x0000000000000000-0x000000000009fbff] usable
[    0.000000] BIOS-e820: [mem 0x000000000009fc00-0x000000000009ffff] reserved
[    0.000000] BIOS-e820: [mem 0x00000000000f0000-0x00000000000fffff] reserved
[    0.000000] BIOS-e820: [mem 0x0000000000100000-0x000000007ffeffff] usable
[    0.000000] BIOS-e820: [mem 0x000000007fff0000-0x000000007fffffff] ACPI data
[    0.000000] BIOS-e820: [mem 0x00000000fec00000-0x00000000fec00fff] reserved
[    0.000000] BIOS-e820: [mem 0x00000000fee00000-0x00000000fee00fff] reserved
[    0.000000] BIOS-e820: [mem 0x00000000fffc0000-0x00000000ffffffff] reserved
[    0.000000] NX (Execute Disable) protection: active
[    0.000000] SMBIOS 2.5 present.
[    0.000000] Hypervisor detected: KVM
[    0.000000] e820: last_pfn = 0x7fff0 max_arch_pfn = 0x400000000
[    0.000000] MTRR: Disabled
[    0.000000] x86/PAT: MTRRs disabled, skipping PAT initialization too.
[    0.000000] CPU MTRRs all blank - virtualized system.
[    0.000000] x86/PAT: Configuration [0-7]: WB  WT  UC- UC  WB  WT  UC- UC  
[    0.000000] found SMP MP-table at [mem 0x0009fff0-0x0009ffff] mapped at [ffff88000009fff0]
[    0.000000] Scanning 1 areas for low memory corruption
[    0.000000] RAMDISK: [mem 0x361c2000-0x370d8fff]
[    0.000000] ACPI: Early table checksum verification disabled
[    0.000000] ACPI: RSDP 0x00000000000E0000 000024 (v02 VBOX  )
[    0.000000] ACPI: XSDT 0x000000007FFF0030 00003C (v01 VBOX   VBOXXSDT 00000001 ASL  00000061)
[    0.000000] ACPI: FACP 0x000000007FFF00F0 0000F4 (v04 VBOX   VBOXFACP 00000001 ASL  00000061)
[    0.000000] ACPI: DSDT 0x000000007FFF0480 002325 (v02 VBOX   VBOXBIOS 00000002 INTL 20100528)
[    0.000000] ACPI: FACS 0x000000007FFF0200 000040
[    0.000000] ACPI: FACS 0x000000007FFF0200 000040
[    0.000000] ACPI: APIC 0x000000007FFF0240 00006C (v02 VBOX   VBOXAPIC 00000001 ASL  00000061)
[    0.000000] ACPI: SSDT 0x000000007FFF02B0 0001CC (v01 VBOX   VBOXCPUT 00000002 INTL 20100528)
[    0.000000] No NUMA configuration found
[    0.000000] Faking a node at [mem 0x0000000000000000-0x000000007ffeffff]
[    0.000000] NODE_DATA(0) allocated [mem 0x7ffeb000-0x7ffeffff]
[    0.000000] kvm-clock: Using msrs 4b564d01 and 4b564d00
[    0.000000] kvm-clock: cpu 0, msr 0:7ffe3001, primary cpu clock
[    0.000000] kvm-clock: using sched offset of 3995414635 cycles
[    0.000000] clocksource: kvm-clock: mask: 0xffffffffffffffff max_cycles: 0x1cd42e4dffb, max_idle_ns: 881590591483 ns
[    0.000000] Zone ranges:
[    0.000000]   DMA      [mem 0x0000000000001000-0x0000000000ffffff]
[    0.000000]   DMA32    [mem 0x0000000001000000-0x000000007ffeffff]
[    0.000000]   Normal   empty
[    0.000000]   Device   empty
[    0.000000] Movable zone start for each node
[    0.000000] Early memory node ranges
[    0.000000]   node   0: [mem 0x0000000000001000-0x000000000009efff]
[    0.000000]   node   0: [mem 0x0000000000100000-0x000000007ffeffff]
[    0.000000] Initmem setup node 0 [mem 0x0000000000001000-0x000000007ffeffff]
[    0.000000] ACPI: PM-Timer IO Port: 0x4008
[    0.000000] IOAPIC[0]: apic_id 4, version 32, address 0xfec00000, GSI 0-23
[    0.000000] ACPI: INT_SRC_OVR (bus 0 bus_irq 0 global_irq 2 dfl dfl)
[    0.000000] ACPI: INT_SRC_OVR (bus 0 bus_irq 9 global_irq 9 low level)
[    0.000000] Using ACPI (MADT) for SMP configuration information
[    0.000000] smpboot: Allowing 4 CPUs, 0 hotplug CPUs
[    0.000000] PM: Registered nosave memory: [mem 0x00000000-0x00000fff]
[    0.000000] PM: Registered nosave memory: [mem 0x0009f000-0x0009ffff]
[    0.000000] PM: Registered nosave memory: [mem 0x000a0000-0x000effff]
[    0.000000] PM: Registered nosave memory: [mem 0x000f0000-0x000fffff]
[    0.000000] e820: [mem 0x80000000-0xfebfffff] available for PCI devices
[    0.000000] Booting paravirtualized kernel on KVM
[    0.000000] clocksource: refined-jiffies: mask: 0xffffffff max_cycles: 0xffffffff, max_idle_ns: 7645519600211568 ns
[    0.000000] setup_percpu: NR_CPUS:512 nr_cpumask_bits:512 nr_cpu_ids:4 nr_node_ids:1
[    0.000000] PERCPU: Embedded 33 pages/cpu @ffff88007fc00000 s95448 r8192 d31528 u524288
[    0.000000] Built 1 zonelists in Node order, mobility grouping on.  Total pages: 515960
[    0.000000] Policy zone: DMA32
[    0.000000] Kernel command line: BOOT_IMAGE=/boot/vmlinuz-4.4.0-174-generic root=LABEL=cloudimg-rootfs ro console=tty1 console=ttyS0
[    0.000000] PID hash table entries: 4096 (order: 3, 32768 bytes)
[    0.000000] Memory: 2029028K/2096696K available (8626K kernel code, 1336K rwdata, 4032K rodata, 1488K init, 1292K bss, 67668K reserved, 0K cma-reserved)
[    0.000000] SLUB: HWalign=64, Order=0-3, MinObjects=0, CPUs=4, Nodes=1
[    0.000000] Kernel/User page tables isolation: enabled
[    0.000000] Hierarchical RCU implementation.
[    0.000000] 	Build-time adjustment of leaf fanout to 64.
[    0.000000] 	RCU restricting CPUs from NR_CPUS=512 to nr_cpu_ids=4.
[    0.000000] RCU: Adjusting geometry for rcu_fanout_leaf=64, nr_cpu_ids=4
[    0.000000] NR_IRQS:33024 nr_irqs:456 16
[    0.000000] Console: colour VGA+ 80x25
[    0.000000] console [tty1] enabled
[    0.000000] console [ttyS0] enabled
[    0.000000] tsc: Detected 2904.000 MHz processor
[    0.226351] Calibrating delay loop (skipped) preset value.. 5808.00 BogoMIPS (lpj=11616000)
[    0.228429] pid_max: default: 32768 minimum: 301
[    0.229671] ACPI: Core revision 20150930
[    0.231277] ACPI: 2 ACPI AML tables successfully acquired and loaded
[    0.268888] Security Framework initialized
[    0.270455] Yama: becoming mindful.
[    0.271857] AppArmor: AppArmor initialized
[    0.274715] Dentry cache hash table entries: 262144 (order: 9, 2097152 bytes)
[    0.277246] Inode-cache hash table entries: 131072 (order: 8, 1048576 bytes)
[    0.280814] Mount-cache hash table entries: 4096 (order: 3, 32768 bytes)
[    0.283001] Mountpoint-cache hash table entries: 4096 (order: 3, 32768 bytes)
[    0.285755] Initializing cgroup subsys io
[    0.287322] Initializing cgroup subsys memory
[    0.288700] Initializing cgroup subsys devices
[    0.289994] Initializing cgroup subsys freezer
[    0.291290] Initializing cgroup subsys net_cls
[    0.292623] Initializing cgroup subsys perf_event
[    0.293968] Initializing cgroup subsys net_prio
[    0.295332] Initializing cgroup subsys hugetlb
[    0.296786] Initializing cgroup subsys pids
[    0.299545] mce: CPU supports 0 MCE banks
[    0.300704] Last level iTLB entries: 4KB 64, 2MB 8, 4MB 8
[    0.302181] Last level dTLB entries: 4KB 64, 2MB 0, 4MB 0, 1GB 4
[    0.303775] Spectre V1 : Mitigation: usercopy/swapgs barriers and __user pointer sanitization
[    0.306494] Spectre V2 : Mitigation: Full generic retpoline
[    0.307976] Spectre V2 : Spectre v2 / SpectreRSB mitigation: Filling RSB on context switch
[    0.310257] Speculative Store Bypass: Vulnerable
[    0.311492] MDS: Mitigation: Clear CPU buffers
[    0.315188] Freeing SMP alternatives memory: 36K
[    0.322499] ftrace: allocating 32305 entries in 127 pages
[    0.413304] smpboot: APIC(0) Converting physical 0 to logical package 0
[    0.415429] smpboot: Max logical packages: 1
[    0.417082] x2apic enabled
[    0.418197] Switched APIC routing to physical x2apic.
[    0.420543] ..TIMER: vector=0x30 apic1=0 pin1=2 apic2=-1 pin2=-1
[    0.530442] smpboot: CPU0: Intel(R) Core(TM) i9-8950HK CPU @ 2.90GHz (family: 0x6, model: 0x9e, stepping: 0xa)
[    0.532940] Performance Events: unsupported p6 CPU model 158 no PMU driver, software events only.
[    0.541569] KVM setup paravirtual spinlock
[    0.544453] x86: Booting SMP configuration:
[    0.545281] .... node  #0, CPUs:      #1
[    0.579221] kvm-clock: cpu 1, msr 0:7ffe3041, secondary cpu clock
[    0.582806] mce: CPU supports 0 MCE banks
[    0.585847]  #2
[    0.586662] kvm-clock: cpu 2, msr 0:7ffe3081, secondary cpu clock
[    0.589152] mce: CPU supports 0 MCE banks
[    0.592209]  #3
[    0.592796] kvm-clock: cpu 3, msr 0:7ffe30c1, secondary cpu clock
[    0.595866] mce: CPU supports 0 MCE banks
[    0.598698] x86: Booted up 1 node, 4 CPUs
[    0.599900] smpboot: Total of 4 processors activated (23232.00 BogoMIPS)
[    0.601862] devtmpfs: initialized
[    0.604518] evm: security.selinux
[    0.605397] evm: security.SMACK64
[    0.606306] evm: security.SMACK64EXEC
[    0.607230] evm: security.SMACK64TRANSMUTE
[    0.608282] evm: security.SMACK64MMAP
[    0.609344] evm: security.ima
[    0.610135] evm: security.capability
[    0.611269] clocksource: jiffies: mask: 0xffffffff max_cycles: 0xffffffff, max_idle_ns: 7645041785100000 ns
[    0.613646] futex hash table entries: 1024 (order: 4, 65536 bytes)
[    0.615261] pinctrl core: initialized pinctrl subsystem
[    0.616864] RTC time:  9:36:30, date: 02/26/20
[    0.618231] NET: Registered protocol family 16
[    0.630274] cpuidle: using governor ladder
[    0.642352] cpuidle: using governor menu
[    0.643981] PCCT header not found.
[    0.645293] ACPI: bus type PCI registered
[    0.646572] acpiphp: ACPI Hot Plug PCI Controller Driver version: 0.5
[    0.648507] PCI: Using configuration type 1 for base access
[    0.663558] ACPI: Added _OSI(Module Device)
[    0.665260] ACPI: Added _OSI(Processor Device)
[    0.666777] ACPI: Added _OSI(3.0 _SCP Extensions)
[    0.668232] ACPI: Added _OSI(Processor Aggregator Device)
[    0.670534] ACPI: Executed 1 blocks of module-level executable AML code
[    0.674191] ACPI: Interpreter enabled
[    0.675808] ACPI: (supports S0 S5)
[    0.676862] ACPI: Using IOAPIC for interrupt routing
[    0.678228] PCI: Using host bridge windows from ACPI; if necessary, use "pci=nocrs" and report a bug
[    0.685280] ACPI: PCI Root Bridge [PCI0] (domain 0000 [bus 00-ff])
[    0.687255] acpi PNP0A03:00: _OSC: OS supports [ASPM ClockPM Segments MSI]
[    0.689261] acpi PNP0A03:00: _OSC: not requesting OS control; OS requires [ExtendedConfig ASPM ClockPM MSI]
[    0.691928] acpi PNP0A03:00: fail to add MMCONFIG information, can't access extended PCI configuration space under this bridge.
[    0.695256] PCI host bridge to bus 0000:00
[    0.696397] pci_bus 0000:00: root bus resource [io  0x0000-0x0cf7 window]
[    0.698217] pci_bus 0000:00: root bus resource [io  0x0d00-0xffff window]
[    0.699753] pci_bus 0000:00: root bus resource [mem 0x000a0000-0x000bffff window]
[    0.701843] pci_bus 0000:00: root bus resource [mem 0x80000000-0xfdffffff window]
[    0.703773] pci_bus 0000:00: root bus resource [bus 00-ff]
[    0.707338] pci 0000:00:01.1: legacy IDE quirk: reg 0x10: [io  0x01f0-0x01f7]
[    0.709014] pci 0000:00:01.1: legacy IDE quirk: reg 0x14: [io  0x03f6]
[    0.710266] pci 0000:00:01.1: legacy IDE quirk: reg 0x18: [io  0x0170-0x0177]
[    0.711868] pci 0000:00:01.1: legacy IDE quirk: reg 0x1c: [io  0x0376]
[    0.738707] pci 0000:00:07.0: quirk: [io  0x4000-0x403f] claimed by PIIX4 ACPI
[    0.740997] pci 0000:00:07.0: quirk: [io  0x4100-0x410f] claimed by PIIX4 SMB
[    0.753912] ACPI: PCI Interrupt Link [LNKA] (IRQs 5 9 10 *11)
[    0.756067] ACPI: PCI Interrupt Link [LNKB] (IRQs 5 9 *10 11)
[    0.757849] ACPI: PCI Interrupt Link [LNKC] (IRQs 5 *9 10 11)
[    0.760212] ACPI: PCI Interrupt Link [LNKD] (IRQs 5 9 10 *11)
[    0.762043] ACPI: Enabled 2 GPEs in block 00 to 07
[    0.763715] vgaarb: setting as boot device: PCI:0000:00:02.0
[    0.765361] vgaarb: device added: PCI:0000:00:02.0,decodes=io+mem,owns=io+mem,locks=none
[    0.767417] vgaarb: loaded
[    0.784787] vgaarb: bridge control possible 0000:00:02.0
[    0.787051] SCSI subsystem initialized
[    0.789354] ACPI: bus type USB registered
[    0.790707] usbcore: registered new interface driver usbfs
[    0.792264] usbcore: registered new interface driver hub
[    0.793723] usbcore: registered new device driver usb
[    0.795207] PCI: Using ACPI for IRQ routing
[    0.796646] NetLabel: Initializing
[    0.797680] NetLabel:  domain hash size = 128
[    0.798852] NetLabel:  protocols = UNLABELED CIPSOv4
[    0.800363] NetLabel:  unlabeled traffic allowed by default
[    0.802226] amd_nb: Cannot enumerate AMD northbridges
[    0.803861] clocksource: Switched to clocksource kvm-clock
[    0.812062] AppArmor: AppArmor Filesystem Enabled
[    0.813428] pnp: PnP ACPI init
[    0.815237] pnp: PnP ACPI: found 3 devices
[    0.826757] clocksource: acpi_pm: mask: 0xffffff max_cycles: 0xffffff, max_idle_ns: 2085701024 ns
[    0.829240] NET: Registered protocol family 2
[    0.830418] TCP established hash table entries: 16384 (order: 5, 131072 bytes)
[    0.832350] TCP bind hash table entries: 16384 (order: 6, 262144 bytes)
[    0.834325] TCP: Hash tables configured (established 16384 bind 16384)
[    0.835988] UDP hash table entries: 1024 (order: 3, 32768 bytes)
[    0.837326] UDP-Lite hash table entries: 1024 (order: 3, 32768 bytes)
[    0.838634] NET: Registered protocol family 1
[    0.839736] pci 0000:00:00.0: Limiting direct PCI/PCI transfers
[    0.841390] pci 0000:00:01.0: Activating ISA DMA hang workarounds
[    0.843107] Unpacking initramfs...
[    1.153122] Freeing initrd memory: 15452K
[    1.154250] clocksource: tsc: mask: 0xffffffffffffffff max_cycles: 0x29dc05e54fc, max_idle_ns: 440795291716 ns
[    1.157203] platform rtc_cmos: registered platform RTC device (no PNP device found)
[    1.159113] Scanning for low memory corruption every 60 seconds
[    1.160642] audit: initializing netlink subsys (disabled)
[    1.161708] audit: type=2000 audit(1582709796.386:1): initialized
[    1.162994] Initialise system trusted keyring
[    1.198683] HugeTLB registered 2 MB page size, pre-allocated 0 pages
[    1.201984] zbud: loaded
[    1.203303] VFS: Disk quotas dquot_6.6.0
[    1.204864] VFS: Dquot-cache hash table entries: 512 (order 0, 4096 bytes)
[    1.207425] squashfs: version 4.0 (2009/01/31) Phillip Lougher
[    1.209687] fuse init (API version 7.23)
[    1.211032] Key type big_key registered
[    1.212195] Allocating IMA MOK and blacklist keyrings.
[    1.216406] Key type asymmetric registered
[    1.217587] Asymmetric key parser 'x509' registered
[    1.218996] Block layer SCSI generic (bsg) driver version 0.4 loaded (major 249)
[    1.221486] io scheduler noop registered
[    1.222594] io scheduler deadline registered (default)
[    1.223979] io scheduler cfq registered
[    1.225841] pci_hotplug: PCI Hot Plug PCI Core version: 0.5
[    1.227395] pciehp: PCI Express Hot Plug Controller Driver version: 0.4
[    1.229457] ACPI: AC Adapter [AC] (on-line)
[    1.230957] input: Power Button as /devices/LNXSYSTM:00/LNXPWRBN:00/input/input0
[    1.233204] ACPI: Power Button [PWRF]
[    1.234354] input: Sleep Button as /devices/LNXSYSTM:00/LNXSLPBN:00/input/input1
[    1.237219] ACPI: Sleep Button [SLPF]
[    1.238905] GHES: HEST is not enabled!
[    1.240290] ACPI: Battery Slot [BAT0] (battery present)
[    1.242359] Serial: 8250/16550 driver, 32 ports, IRQ sharing enabled
[    1.264568] 00:02: ttyS0 at I/O 0x3f8 (irq = 4, base_baud = 115200) is a 16550A
[    1.270774] Linux agpgart interface v0.103
[    1.303832] loop: module loaded
[    1.305849] scsi host0: ata_piix
[    1.307263] scsi host1: ata_piix
[    1.308613] ata1: PATA max UDMA/33 cmd 0x1f0 ctl 0x3f6 bmdma 0xd000 irq 14
[    1.310822] ata2: PATA max UDMA/33 cmd 0x170 ctl 0x376 bmdma 0xd008 irq 15
[    1.312797] libphy: Fixed MDIO Bus: probed
[    1.314026] tun: Universal TUN/TAP device driver, 1.6
[    1.315428] tun: (C) 1999-2004 Max Krasnyansky <maxk@qualcomm.com>
[    1.317233] PPP generic driver version 2.4.2
[    1.318555] ehci_hcd: USB 2.0 'Enhanced' Host Controller (EHCI) Driver
[    1.320725] ehci-pci: EHCI PCI platform driver
[    1.322044] ehci-platform: EHCI generic platform driver
[    1.323507] ohci_hcd: USB 1.1 'Open' Host Controller (OHCI) Driver
[    1.325195] ohci-pci: OHCI PCI platform driver
[    1.326335] ohci-platform: OHCI generic platform driver
[    1.327638] uhci_hcd: USB Universal Host Controller Interface driver
[    1.329269] i8042: PNP: PS/2 Controller [PNP0303:PS2K,PNP0f03:PS2M] at 0x60,0x64 irq 1,12
[    1.331969] serio: i8042 KBD port at 0x60,0x64 irq 1
[    1.333232] serio: i8042 AUX port at 0x60,0x64 irq 12
[    1.334740] mousedev: PS/2 mouse device common for all mice
[    1.336462] input: AT Translated Set 2 keyboard as /devices/platform/i8042/serio0/input/input2
[    1.339082] rtc_cmos rtc_cmos: rtc core: registered rtc_cmos as rtc0
[    1.340988] rtc_cmos rtc_cmos: alarms up to one day, 114 bytes nvram
[    1.342644] i2c /dev entries driver
[    1.343568] device-mapper: uevent: version 1.0.3
[    1.345223] device-mapper: ioctl: 4.34.0-ioctl (2015-10-28) initialised: dm-devel@redhat.com
[    1.347423] ledtrig-cpu: registered to indicate activity on CPUs
[    1.349406] NET: Registered protocol family 10
[    1.350770] NET: Registered protocol family 17
[    1.351867] Key type dns_resolver registered
[    1.353568] registered taskstats version 1
[    1.354591] Loading compiled-in X.509 certificates
[    1.356176] Loaded X.509 cert 'Build time autogenerated kernel key: 2501974cc66248a18f8fa54aaac948a5171f77fb'
[    1.358813] zswap: loaded using pool lzo/zbud
[    1.361967] Key type trusted registered
[    1.365719] Key type encrypted registered
[    1.367044] AppArmor: AppArmor sha1 policy hashing enabled
[    1.368623] ima: No TPM chip found, activating TPM-bypass!
[    1.370131] ima: Allocated hash algorithm: sha1
[    1.371103] evm: HMAC attrs: 0x1
[    1.372422]   Magic number: 8:463:627
[    1.373193]   hash matches /build/linux-onuHPJ/linux-4.4.0/drivers/base/power/main.c:644
[    1.375095] rtc_cmos rtc_cmos: setting system clock to 2020-02-26 09:36:31 UTC (1582709791)
[    1.405238] BIOS EDD facility v0.16 2004-Jun-25, 0 devices found
[    1.406965] EDD information not available.
[    1.503694] Freeing unused kernel memory: 1488K
[    1.505364] Write protecting the kernel read-only data: 14336k
[    1.507365] Freeing unused kernel memory: 1604K
[    1.509056] Freeing unused kernel memory: 64K
Loading, please wait...
starting version 229
[    1.522462] random: systemd-udevd: uninitialized urandom read (16 bytes read, 3 bits of entropy available)
[    1.523113] random: udevadm: uninitialized urandom read (16 bytes read, 3 bits of entropy available)
[    1.523127] random: udevadm: uninitialized urandom read (16 bytes read, 3 bits of entropy available)
[    1.529460] random: udevadm: uninitialized urandom read (16 bytes read, 3 bits of entropy available)
[    1.529496] random: udevadm: uninitialized urandom read (16 bytes read, 3 bits of entropy available)
[    1.529673] random: udevadm: uninitialized urandom read (16 bytes read, 3 bits of entropy available)
[    1.529710] random: udevadm: uninitialized urandom read (16 bytes read, 3 bits of entropy available)
[    1.529745] random: udevadm: uninitialized urandom read (16 bytes read, 3 bits of entropy available)
[    1.529780] random: udevadm: uninitialized urandom read (16 bytes read, 3 bits of entropy available)
[    1.529814] random: udevadm: uninitialized urandom read (16 bytes read, 3 bits of entropy available)
[    1.568992] e1000: Intel(R) PRO/1000 Network Driver - version 7.3.21-k8-NAPI
[    1.571553] e1000: Copyright (c) 1999-2006 Intel Corporation.
[    1.576590] Fusion MPT base driver 3.04.20
[    1.578285] Copyright (c) 1999-2008 LSI Corporation
[    1.581370] [drm] Initialized drm 1.1.0 20060810
[    1.609185] AVX2 version of gcm_enc/dec engaged.
[    1.610835] AES CTR mode by8 optimization enabled
[    1.613565] Fusion MPT SPI Host driver 3.04.20
[    1.619243] vboxvideo: loading out-of-tree module taints kernel.
[    1.621514] vboxvideo: module verification failed: signature and/or required key missing - tainting kernel
[    1.805127] input: ImExPS/2 Generic Explorer Mouse as /devices/platform/i8042/serio1/input/input4
[    3.022965] e1000 0000:00:03.0 eth0: (PCI:33MHz:32-bit) 02:9d:64:b1:e9:53
[    3.025804] e1000 0000:00:03.0 eth0: Intel(R) PRO/1000 Network Connection
[    3.028915] mptbase: ioc0: Initiating bringup
[    3.880937] ioc0: LSI53C1030 A0: Capabilities={Initiator}
[    5.383147] scsi host2: ioc0: LSI53C1030 A0, FwRev=00000000h, Ports=1, MaxQ=256, IRQ=20
[    7.420526] scsi 2:0:0:0: Direct-Access     VBOX     HARDDISK         1.0  PQ: 0 ANSI: 5
[    7.423441] scsi target2:0:0: Beginning Domain Validation
[    7.426040] [drm] VRAM 01000000
[    7.427464] [TTM] Zone  kernel: Available graphics memory: 1023836 kiB
[    7.429422] [TTM] Initializing pool allocator
[    7.437786] scsi target2:0:0: Domain Validation skipping write tests
[    7.437787] scsi target2:0:0: Ending Domain Validation
[    7.437877] scsi target2:0:0: asynchronous
[    7.438614] scsi 2:0:1:0: Direct-Access     VBOX     HARDDISK         1.0  PQ: 0 ANSI: 5
[    7.438619] scsi target2:0:1: Beginning Domain Validation
[    7.440467] scsi target2:0:1: Domain Validation skipping write tests
[    7.440468] scsi target2:0:1: Ending Domain Validation
[    7.440549] scsi target2:0:1: asynchronous
[    7.448386] sd 2:0:0:0: Attached scsi generic sg0 type 0
[    7.448617] sd 2:0:1:0: Attached scsi generic sg1 type 0
[    7.448891] sd 2:0:0:0: [sda] 20971520 512-byte logical blocks: (10.7 GB/10.0 GiB)
[    7.449145] sd 2:0:0:0: [sda] Write Protect is off
[    7.449310] sd 2:0:0:0: [sda] Incomplete mode parameter data
[    7.449311] sd 2:0:0:0: [sda] Assuming drive cache: write through
[    7.451117]  sda: sda1
[    7.452154] sd 2:0:0:0: [sda] Attached SCSI disk
[    7.452326] sd 2:0:1:0: [sdb] 20480 512-byte logical blocks: (10.5 MB/10.0 MiB)
[    7.452569] sd 2:0:1:0: [sdb] Write Protect is off
[    7.452731] sd 2:0:1:0: [sdb] Incomplete mode parameter data
[    7.452732] sd 2:0:1:0: [sdb] Assuming drive cache: write through
[    7.454729] sd 2:0:1:0: [sdb] Attached SCSI disk
[    7.475067] [TTM] Initializing DMA pool allocator
[    7.477848] fbcon: vboxdrmfb (fb0) is primary device
[    7.482948] Console: switching to colour frame buffer device 100x37
[    7.486735] vboxvideo 0000:00:02.0: fb0: vboxdrmfb frame buffer device
[    7.508140] [drm] Initialized vboxvideo 1.0.0 20130823 for 0000:00:02.0 on minor 0
[    8.289223] e1000 0000:00:08.0 eth1: (PCI:33MHz:32-bit) 08:00:27:59:c0:31
[    8.291206] e1000 0000:00:08.0 eth1: Intel(R) PRO/1000 Network Connection
[    8.293955] e1000 0000:00:03.0 enp0s3: renamed from eth0
[    8.600621] e1000 0000:00:08.0 enp0s8: renamed from eth1
Begin: Loading essential drivers ... [    8.680466] md: linear personality registered for level -1
[    8.684331] md: multipath personality registered for level -4
[    8.687968] md: raid0 personality registered for level 0
[    8.693462] md: raid1 personality registered for level 1
[    8.763988] raid6: sse2x1   gen() 13714 MB/s
[    8.832051] raid6: sse2x1   xor()  4082 MB/s
[    8.911044] raid6: sse2x2   gen() 11055 MB/s
[    8.980119] raid6: sse2x2   xor() 10168 MB/s
[    9.080096] raid6: sse2x4   gen() 16504 MB/s
[    9.147979] raid6: sse2x4   xor()  4711 MB/s
[    9.226115] raid6: avx2x1   gen() 15252 MB/s
[    9.292242] raid6: avx2x2   gen() 28670 MB/s
[    9.360201] raid6: avx2x4   gen() 15704 MB/s
[    9.361551] raid6: using algorithm avx2x2 gen() 28670 MB/s
[    9.363018] raid6: using avx2x2 recovery algorithm
[    9.365825] xor: automatically using best checksumming function:
[    9.404131]    avx       : 31362.000 MB/sec
[    9.406490] async_tx: api initialized (async)
[    9.416754] md: raid6 personality registered for level 6
[    9.418149] md: raid5 personality registered for level 5
[    9.419666] md: raid4 personality registered for level 4
[    9.427272] md: raid10 personality registered for level 10
done.
Begin: Running /scripts/init-premount ... done.
Begin: Mounting root file system ... Begin: Running /scripts/local-top ... done.
Begin: Running /scripts/local-premount ... [    9.451154] Btrfs loaded
Scanning for Btrfs filesystems
done.
Warning: fsck not present, so skipping root file system
[    9.475220] EXT4-fs (sda1): mounted filesystem with ordered data mode. Opts: (null)
done.
Begin: Running /scripts/local-bottom ... done.
Begin: Running /scripts/init-bottom ... done.
[    9.560595] systemd[1]: systemd 229 running in system mode. (+PAM +AUDIT +SELINUX +IMA +APPARMOR +SMACK +SYSVINIT +UTMP +LIBCRYPTSETUP +GCRYPT +GNUTLS +ACL +XZ -LZ4 +SECCOMP +BLKID +ELFUTILS +KMOD -IDN)
[    9.563908] systemd[1]: Detected virtualization oracle.
[    9.564952] systemd[1]: Detected architecture x86-64.

Welcome to [1mUbuntu 16.04.6 LTS[0m!

[    9.568881] systemd[1]: Set hostname to <ubuntu-xenial>.
[    9.670900] systemd[1]: Listening on Syslog Socket.
[[0;32m  OK  [0m] Listening on Syslog Socket.
[    9.672981] systemd[1]: Set up automount Arbitrary Executable File Formats File System Automount Point.
[[0;32m  OK  [0m] Set up automount Arbitrary Executab...ats File System Automount Point.
[    9.676369] systemd[1]: Listening on udev Kernel Socket.
[[0;32m  OK  [0m] Listening on udev Kernel Socket.
[    9.684534] systemd[1]: Reached target System Time Synchronized.
[[0;32m  OK  [0m] Reached target System Time Synchronized.
[    9.692117] systemd[1]: Reached target Encrypted Volumes.
[[0;32m  OK  [0m] Reached target Encrypted Volumes.
[    9.694802] systemd[1]: Started Trigger resolvconf update for networkd DNS.
[[0;32m  OK  [0m] Started Trigger resolvconf update for networkd DNS.
[    9.697947] systemd[1]: Listening on LVM2 metadata daemon socket.
[[0;32m  OK  [0m] Listening on LVM2 metadata daemon socket.
[    9.700512] systemd[1]: Listening on Journal Audit Socket.
[[0;32m  OK  [0m] Listening on Journal Audit Socket.
[    9.702650] systemd[1]: Listening on /dev/initctl Compatibility Named Pipe.
[[0;32m  OK  [0m] Listening on /dev/initctl Compatibility Named Pipe.
[    9.705103] systemd[1]: Started Forward Password Requests to Wall Directory Watch.
[[0;32m  OK  [0m] Started Forward Password Requests to Wall Directory Watch.
[    9.708215] systemd[1]: Reached target User and Group Name Lookups.
[[0;32m  OK  [0m] Reached target User and Group Name Lookups.
[    9.710406] systemd[1]: Listening on Device-mapper event daemon FIFOs.
[[0;32m  OK  [0m] Listening on Device-mapper event daemon FIFOs.
[    9.712682] systemd[1]: Listening on udev Control Socket.
[[0;32m  OK  [0m] Listening on udev Control Socket.
[    9.720504] systemd[1]: Listening on Journal Socket.
[[0;32m  OK  [0m] Listening on Journal Socket.
[    9.723113] systemd[1]: Listening on Journal Socket (/dev/log).
[[0;32m  OK  [0m] Listening on Journal Socket (/dev/log).
[    9.725725] systemd[1]: Listening on LVM2 poll daemon socket.
[[0;32m  OK  [0m] Listening on LVM2 poll daemon socket.
[    9.728508] systemd[1]: Reached target Swap.
[[0;32m  OK  [0m] Reached target Swap.
[    9.734432] systemd[1]: Created slice User and Session Slice.
[[0;32m  OK  [0m] Created slice User and Session Slice.
[    9.744810] systemd[1]: Created slice System Slice.
[[0;32m  OK  [0m] Created slice System Slice.
[    9.760720] systemd[1]: Mounting Huge Pages File System...
         Mounting Huge Pages File System...
[    9.766265] systemd[1]: Starting Remount Root and Kernel File Systems...
         Starting Remount Root and Kernel File Systems...
[    9.769752] systemd[1]: Mounting POSIX Message Queue File System...
[    9.772108] EXT4-fs (sda1): re-mounted. Opts: (null)
         Mounting POSIX Message Queue File System...
[    9.774285] systemd[1]: Reached target Slices.
[[0;32m  OK  [0m] Reached target Slices.
[    9.777145] systemd[1]: Starting Create list of required static device nodes for the current kernel...
         Starting Create list of required st... nodes for the current kernel...
[    9.781820] systemd[1]: Starting Monitoring of LVM2 mirrors, snapshots etc. using dmeventd or progress polling...
         Starting Monitoring of LVM2 mirrors... dmeventd or progress polling...
[    9.786616] systemd[1]: Starting Nameserver information manager...
         Starting Nameserver information manager...
[    9.790300] systemd[1]: Starting Uncomplicated firewall...
         Starting Uncomplicated firewall...
[    9.794740] systemd[1]: Starting Load Kernel Modules...
         Starting Load Kernel Modules...
[    9.799421] systemd[1]: Starting Set console keymap...
         Starting Set console keymap...
[    9.802470] systemd[1]: Starting Journal Service...
         Startin[    9.804783] Loading iSCSI transport class v2.0-870.
g Journal Service...
[    9.807187] systemd[1]: Created slice system-serial\x2dgetty.slice.
[[0;32m  OK  [0m] Created slice system-serial\x2dgetty.slice.
[    9.810860] systemd[1]: Mounting Debug File System...
         Mounting Debug File System...
[    9.816636] iscsi: registered transport (tcp)
[    9.816660] systemd[1]: Mounted Debug File System.
[[0;32m  OK  [0m] Mounted Debug File System.
[    9.822070] systemd[1]: Mounted Huge Pages File System.
[[0;32m  OK  [0m] Mounted Huge Pages File System.
[    9.825215] systemd[1]: Mounted POSIX Message Queue File System.
[[0;32m  OK  [0m] Mounted POSIX Message Queue File System.
[    9.832221] systemd[1]: Started Journal Service.
[[0;32m  OK  [0m] Started Journal Service.
[[0;32m  OK  [0m] Started Remount Root and Kernel File Systems.
[[0;32m  OK  [0m] Started Create list of required sta...ce nodes for the current kernel.
[[0;32m  OK  [0m] Started Uncomplicated firewall.
[    9.849262] iscsi: registered transport (iser)
[[0;32m  OK  [0m] Started Load Kernel Modules.
[[0;32m  OK  [0m] Started Set console keymap.
[[0;32m  OK  [0m] Started Nameserver information manager.
[[0;32m  OK  [0m] Started LVM2 metadata daemon.
         Starting Apply Kernel Variables...
         Mounting FUSE Control File System...
         Starting Create Static Device Nodes in /dev...
         Starting udev Coldplug all Devices...
         Starting Load/Save Random Seed...
         Starting Flush Journal to Persistent Storage...
[[0;32m  OK  [0m] Mounted FUSE Control File System.
[[0;32m  OK  [0m] Started Apply Kernel Variables.
[[0;32m  OK  [0m] Started Load/Save Random Seed.
[[0;32m  OK  [0m] Started Create Static Device Nodes in /dev.
[[0;32m  OK  [0m] Started Flush Journal to Persistent Storage.
         Starting udev Kernel Device Manager...
[[0;32m  OK  [0m] Started udev Coldplug all Devices.
[[0;32m  OK  [0m] Started udev Kernel Device Manager.
[[0;32m  OK  [0m] Started Dispatch Password Requests to Console Directory Watch.
[[0;32m  OK  [0m] Found device /dev/ttyS0.
[[0;32m  OK  [0m] Listening on Load/Save RF Kill Switch Status /dev/rfkill Watch.
[[0;32m  OK  [0m] Found device 82540EM Gigabit Ethern...r (PRO/1000 MT Desktop Adapter).
[[0;32m  OK  [0m] Found device 82540EM Gigabit Ethern...r (PRO/1000 MT Desktop Adapter).
[[0;32m  OK  [0m] Started Monitoring of LVM2 mirrors,...ng dmeventd or progress polling.
[[0;32m  OK  [0m] Reached target Local File Systems (Pre).
[[0;32m  OK  [0m] Reached target Local File Systems.
         Starting Initial cloud-init job (pre-networking)...
         Starting Create Volatile Files and Directories...
         Starting Set console font and keymap...
         Starting LSB: AppArmor initialization...
         Starting Tell Plymouth To Write Out Runtime Data...
[[0;32m  OK  [0m] Started Tell Plymouth To Write Out Runtime Data.
[[0;32m  OK  [0m] Started Create Volatile Files and Directories.
         Starting Update UTMP about System Boot/Shutdown...
[[0;32m  OK  [0m] Started Update UTMP about System Boot/Shutdown.
[[0;32m  OK  [0m] Started Set console font and keymap.
[[0;32m  OK  [0m] Started LSB: AppArmor initialization.
[[0;32m  OK  [0m] Created slice system-getty.slice.
[   10.716846] cloud-init[661]: Cloud-init v. 19.4-33-gbb4131a2-0ubuntu1~16.04.1 running 'init-local' at Wed, 26 Feb 2020 09:36:40 +0000. Up 10.49 seconds.
[[0;32m  OK  [0m] Started Initial cloud-init job (pre-networking).
[[0;32m  OK  [0m] Reached target Network (Pre).
[[0;32m  OK  [0m] Started ifup for enp0s8.
         Starting Raise network interfaces...
[[0;32m  OK  [0m] Started ifup for enp0s3.
[[0;32m  OK  [0m] Started Raise network interfaces.
[[0;32m  OK  [0m] Reached target Network.
         Starting Initial cloud-init job (metadata service crawler)...
[   11.446318] cloud-init[1095]: Cloud-init v. 19.4-33-gbb4131a2-0ubuntu1~16.04.1 running 'init' at Wed, 26 Feb 2020 09:36:41 +0000. Up 11.18 seconds.
[   11.456504] cloud-init[1095]: ci-info: ++++++++++++++++++++++++++++++++++++++Net device info+++++++++++++++++++++++++++++++++++++++
[   11.459177] cloud-init[1095]: ci-info: +--------+------+-----------------------------+---------------+--------+-------------------+
[   11.461937] cloud-init[1095]: ci-info: | Device |  Up  |           Address           |      Mask     | Scope  |     Hw-Address    |
[   11.465025] cloud-init[1095]: ci-info: +--------+------+-----------------------------+---------------+--------+-------------------+
[   11.467256] cloud-init[1095]: ci-info: | enp0s3 | True |          10.0.2.15          | 255.255.255.0 | global | 02:9d:64:b1:e9:53 |
[   11.469422] cloud-init[1095]: ci-info: | enp0s3 | True |  fe80::9d:64ff:feb1:e953/64 |       .       |  link  | 02:9d:64:b1:e9:53 |
[   11.471396] cloud-init[1095]: ci-info: | enp0s8 | True |        192.168.33.10        | 255.255.255.0 | global | 08:00:27:59:c0:31 |
[   11.473740] cloud-init[1095]: ci-info: | enp0s8 | True | fe80::a00:27ff:fe59:c031/64 |       .       |  link  | 08:00:27:59:c0:31 |
[   11.475611] cloud-init[1095]: ci-info: |   lo   | True |          127.0.0.1          |   255.0.0.0   |  host  |         .         |
[   11.478199] cloud-init[1095]: ci-info: |   lo   | True |           ::1/128           |       .       |  host  |         .         |
[   11.480410] [cloud-init[0;32m  OK  [0m[1095]: ] ci-info: +--------+------+-----------------------------+---------------+--------+-------------------+Started Initial cloud-init job (metadata service crawler).

[[   11.480781] [0;32m  OK  [0mcloud-init] [1095]: Reached target System Initialization.ci-info: ++++++++++++++++++++++++++++Route IPv4 info++++++++++++++++++++++++++++

[   11.485568] [cloud-init[0;32m  OK  [0m[1095]: ] ci-info: +-------+--------------+----------+---------------+-----------+-------+Listening on D-Bus System Message Bus Socket.

[   11.485834] cloud-init[1095]: ci-info: | Route | Destination  | Gateway  |    Genmask    | Interface | Flags |
[   11.489967] [cloud-init[0;32m  OK  [0m[1095]: ] ci-info: +-------+--------------+----------+---------------+-----------+-------+Started ACPI Events Check.

[   11.490210] [cloud-init[0;32m  OK  [0m[1095]: ] ci-info: |   0   |   0.0.0.0    | 10.0.2.2 |    0.0.0.0    |   enp0s3  |   UG  |Reached target Paths.

[[   11.492162] [0;32m  OK  [0mcloud-init] [1095]: Listening on ACPID Listen Socket.ci-info: |   1   |   10.0.2.0   | 0.0.0.0  | 255.255.255.0 |   enp0s3  |   U   |

[   11.496760]          cloud-initStarting Socket activation for snappy daemon.[1095]: 
ci-info: |   2   | 192.168.33.0 | 0.0.0.0  | 255.255.255.0 |   enp0s8  |   U   |
[   11.499298] cloud-init[1095]: ci-info: +-------+--------------+----------+---------------+-----------+-------+
[   11.500625] [cloud-init[0;32m  OK  [0m[1095]: ] ci-info: +++++++++++++++++++Route IPv6 info+++++++++++++++++++Started Message of the Day.

[[   11.500847] [0;32m  OK  [0mcloud-init] [1095]: Started Daily apt download activities.ci-info: +-------+-------------+---------+-----------+-------+

[   11.504393] [cloud-init[0;32m  OK  [0m[1095]: ] ci-info: | Route | Destination | Gateway | Interface | Flags |Started Daily apt upgrade and clean activities.

[[   11.504631] [0;32m  OK  [0mcloud-init] [1095]: Started Daily Cleanup of Temporary Directories.ci-info: +-------+-------------+---------+-----------+-------+

[   11.509655] [cloud-init[0;32m  OK  [0m[1095]: ] ci-info: |   0   |  fe80::/64  |    ::   |   enp0s8  |   U   |Reached target Timers.

[   11.509907] cloud-init[1095]: ci-info: |   1   |  fe80::/64  |    ::   |   enp0s3  |   U   |
[   11.514480]          cloud-initStarting LXD - unix socket.[1095]: 
ci-info: |   4   |   ff00::/8  |    ::   |   enp0s8  |   U   |
[[0;32m  OK  [0m] Listening on UUID daemon activation socket.
[   11.516931] cloud-init[1095]: ci-info: |   5   |   ff00::/8  |    ::   |   enp0s3  |   U   |
[   11.560672] [cloud-init[0;32m  OK  [0m[1095]: ] ci-info: +-------+-------------+---------+-----------+-------+Reached target Network is Online.

         Starting iSCSI initiator daemon (iscsid)...
[[0;32m  OK  [0m] Reached target Cloud-config availability.
[[0;32m  OK  [0m] Listening on Socket activation for snappy daemon.
[[0;32m  OK  [0m] Listening on LXD - unix socket.
[[0;32m  OK  [0m] Reached target Sockets.
[[0;32m  OK  [0m] Reached target Basic System.
         Starting MySQL Community Server...
[[0;32m  OK  [0m] Started ACPI event daemon.
         Starting Accounts Service...
         Starting System Logging Service...
         Starting LSB: MD monitoring daemon...
[[0;32m  OK  [0m] Started Regular background program processing daemon.
         Starting /etc/rc.local Compatibility...
         Starting LXD - container startup/shutdown...
         Starting Login Service...
[[0;32m  OK  [0m] Started Deferred execution scheduler.
[[0;32m  OK  [0m] Started FUSE filesystem for LXC.
         Starting vboxadd.service...
[[0;32m  OK  [0m] Started D-Bus System Message Bus.
         Starting LSB: Record successful boot for GRUB...
         Starting OpenBSD Secure Shell server...
         Starting Snappy daemon...
[[0;32m  OK  [0m] Started System Logging Service.
[[0;32m  OK  [0m] Started iSCSI initiator daemon (iscsid).
[[0;32m  OK  [0m] Started /etc/rc.local Compatibility.
[[0;32m  OK  [0m] Started Login Service.
[[0;32m  OK  [0m] Started Unattended Upgrades Shutdown.
         Starting Authenticate and Authorize Users to Run Privileged Tasks...
         Starting Login to default iSCSI targets...
[[0;32m  OK  [0m] Started LSB: Record successful boot for GRUB.
[[0;32m  OK  [0m] Started LSB: MD monitoring daemon.
[[0;32m  OK  [0m] Started LXD - container startup/shutdown.
[[0;32m  OK  [0m] Started Login to default iSCSI targets.
[[0;32m  OK  [0m] Reached target Remote File Systems (Pre).
[[0;32m  OK  [0m] Reached target Remote File Systems.
         Starting Permit User Sessions...
         Starting LSB: daemon to balance interrupts for SMP systems...
         Starting LSB: Set the CPU Frequency Scaling governor to "ondemand"...
         Starting LSB: automatic crash report generation...
[[0;32m  OK  [0m] Started OpenBSD Secure Shell server.
[[0;32m  OK  [0m] Started Permit User Sessions.
[[0;32m  OK  [0m] Started Authenticate and Authorize Users to Run Privileged Tasks.
[[0;32m  OK  [0m] Started Accounts Service.
         Starting Terminate Plymouth Boot Screen...
         Starting Hold until boot process finishes up...
[[0;32m  OK  [0m] Started LSB: Set the CPU Frequency Scaling governor to "ondemand".
[[0;32m  OK  [0m] Started Hold until boot process finishes up.
[[0;32m  OK  [0m] Started Terminate Plymouth Boot Screen.
[[0;32m  OK  [0m] Started LSB: automatic crash report generation.
[[0;32m  OK  [0m] Started LSB: daemon to balance interrupts for SMP systems.
         Starting Set console scheme...
[[0;32m  OK  [0m] Started Serial Getty on ttyS0.
[[0;32m  OK  [0m] Started Getty on tty1.
[[0;32m  OK  [0m] Reached target Login Prompts.
[[0;32m  OK  [0m] Started Set console scheme.
[[0;32m  OK  [0m] Created slice User Slice of vagrant.
         Starting User Manager for UID 1000...
[[0;32m  OK  [0m] Started Session 1 of user vagrant.
[[0;32m  OK  [0m] Started User Manager for UID 1000.
[[0;32m  OK  [0m] Started Snappy daemon.
         Starting Wait until snapd is fully seeded...
[[0;32m  OK  [0m] Started Wait until snapd is fully seeded.
         Starting Apply the settings specified in cloud-config...
[   12.651493] cloud-init[1397]: Cloud-init v. 19.4-33-gbb4131a2-0ubuntu1~16.04.1 running 'modules:config' at Wed, 26 Feb 2020 09:36:43 +0000. Up 12.54 seconds.
[[0;32m  OK  [0m] Started Apply the settings specified in cloud-config.
[[0;32m  OK  [0m] Started MySQL Community Server.
[[0;32m  OK  [0m] Started vboxadd.service.
         Starting vboxadd-service.service...
[[0;32m  OK  [0m] Started vboxadd-service.service.
[[0;32m  OK  [0m] Reached target Multi-User System.
         Starting Execute cloud user/final scripts...
[[0;32m  OK  [0m] Reached target Graphical Interface.
         Starting Update UTMP about System Runlevel Changes...
[[0;32m  OK  [0m] Started Update UTMP about System Runlevel Changes.
[   13.320108] cloud-init[1801]: Cloud-init v. 19.4-33-gbb4131a2-0ubuntu1~16.04.1 running 'modules:final' at Wed, 26 Feb 2020 09:36:43 +0000. Up 13.17 seconds.
[   13.328514] cloud-init[1801]: Cloud-init v. 19.4-33-gbb4131a2-0ubuntu1~16.04.1 finished at Wed, 26 Feb 2020 09:36:43 +0000. Datasource DataSourceNoCloud [seed=/dev/sdb][dsmode=net].  Up 13.31 seconds
[[0;32m  OK  [0m] Started Execute cloud user/final scripts.
[[0;32m  OK  [0m] Reached target Cloud-init target.

Ubuntu 16.04.6 LTS ubuntu-xenial ttyS0

ubuntu-xenial login: 